{"name":"metal3-baremetal-operator","image":"registry.svc.ci.openshift.org/openshift:baremetal-operator","command":["/baremetal-operator"],"ports":[{"name":"metrics","containerPort":60000}],"env":[{"name":"WATCH_NAMESPACE","valueFrom":{"fieldRef":{"fieldPath":"metadata.namespace"}}},{"name":"POD_NAME","valueFrom":{"fieldRef":{"fieldPath":"metadata.name"}}},{"name":"OPERATOR_NAME","value":"baremetal-operator"},{"name":"DEPLOY_KERNEL_URL","value":"http://172.30.20.3:6180/images/ironic-python-agent.kernel"},{"name":"DEPLOY_RAMDISK_URL","value":"http://172.30.20.3:6180/images/ironic-python-agent.initramfs"},{"name":"IRONIC_ENDPOINT","value":"http://172.30.20.3:6385/v1/"},{"name":"IRONIC_INSPECTOR_ENDPOINT","value":"http://172.30.20.3:5050/v1/"},{"name":"METAL3_AUTH_ROOT_DIR","value":"/auth"}],"resources":{},"volumeMounts":[{"name":"metal3-ironic-basic-auth","readOnly":true,"mountPath":"/auth/ironic"},{"name":"metal3-inspector-basic-auth","readOnly":true,"mountPath":"/auth/ironic-inspector"}],"imagePullPolicy":"IfNotPresent"}{"name":"metal3-mariadb","image":"registry.svc.ci.openshift.org/openshift:ironic","command":["/bin/runmariadb"],"env":[{"name":"MARIADB_PASSWORD","valueFrom":{"secretKeyRef":{"name":"metal3-mariadb-password","key":"password"}}}],"resources":{},"volumeMounts":[{"name":"metal3-shared","mountPath":"/shared"}],"imagePullPolicy":"IfNotPresent","securityContext":{"privileged":true}}{"name":"metal3-httpd","image":"registry.svc.ci.openshift.org/openshift:ironic","command":["/bin/runhttpd"],"env":[{"name":"HTTP_PORT","value":"6180"},{"name":"PROVISIONING_IP","value":"172.30.20.3/24"},{"name":"PROVISIONING_INTERFACE"}],"resources":{},"volumeMounts":[{"name":"metal3-shared","mountPath":"/shared"}],"imagePullPolicy":"IfNotPresent","securityContext":{"privileged":true}}{"name":"metal3-ironic-conductor","image":"registry.svc.ci.openshift.org/openshift:ironic","command":["/bin/runironic-conductor"],"env":[{"name":"MARIADB_PASSWORD","valueFrom":{"secretKeyRef":{"name":"metal3-mariadb-password","key":"password"}}},{"name":"HTTP_PORT","value":"6180"},{"name":"PROVISIONING_IP","value":"172.30.20.3/24"},{"name":"PROVISIONING_INTERFACE"}],"resources":{},"volumeMounts":[{"name":"metal3-shared","mountPath":"/shared"},{"name":"metal3-inspector-basic-auth","readOnly":true,"mountPath":"/auth/ironic-inspector"}],"imagePullPolicy":"IfNotPresent","securityContext":{"privileged":true}}{"name":"metal3-ironic-api","image":"registry.svc.ci.openshift.org/openshift:ironic","command":["/bin/runironic-api"],"env":[{"name":"MARIADB_PASSWORD","valueFrom":{"secretKeyRef":{"name":"metal3-mariadb-password","key":"password"}}},{"name":"HTTP_PORT","value":"6180"},{"name":"PROVISIONING_IP","value":"172.30.20.3/24"},{"name":"PROVISIONING_INTERFACE"},{"name":"HTTP_BASIC_HTPASSWD","valueFrom":{"secretKeyRef":{"name":"metal3-ironic-password","key":"htpasswd"}}}],"resources":{},"volumeMounts":[{"name":"metal3-shared","mountPath":"/shared"}],"imagePullPolicy":"IfNotPresent","securityContext":{"privileged":true}}{"name":"metal3-ironic-inspector","image":"registry.svc.ci.openshift.org/openshift:ironic-inspector","env":[{"name":"PROVISIONING_IP","value":"172.30.20.3/24"},{"name":"PROVISIONING_INTERFACE"},{"name":"HTTP_BASIC_HTPASSWD","valueFrom":{"secretKeyRef":{"name":"metal3-ironic-inspector-password","key":"htpasswd"}}}],"resources":{},"volumeMounts":[{"name":"metal3-shared","mountPath":"/shared"},{"name":"metal3-ironic-basic-auth","readOnly":true,"mountPath":"/auth/ironic"}],"imagePullPolicy":"IfNotPresent","securityContext":{"privileged":true}}{"name":"metal3-static-ip-manager","image":"registry.svc.ci.openshift.org/openshift:ironic-static-ip-manager","command":["/refresh-static-ip"],"env":[{"name":"PROVISIONING_IP","value":"172.30.20.3/24"},{"name":"PROVISIONING_INTERFACE"}],"resources":{},"imagePullPolicy":"IfNotPresent","securityContext":{"privileged":true}}